+: { x = 38
  y = 1 }
    858
*: { x = 75
  y = 1 }
    801
    691
+: { x = 85
  y = 1 }
    487
*: { x = 3
  y = 2 }
    436
    982
=: { x = 18
  y = 2 }
    588
=: { x = 29
  y = 2 }
    140
*: { x = 56
  y = 2 }
    375
    631
=: { x = 61
  y = 2 }
    859
-: { x = 77
  y = 2 }
    952
*: { x = 98
  y = 2 }
    661
*: { x = 37
  y = 3 }
    203
    917
*: { x = 50
  y = 3 }
    263
    375
*: { x = 68
  y = 3 }
    402
=: { x = 109
  y = 3 }
    575
*: { x = 122
  y = 3 }
    333
    664
*: { x = 15
  y = 4 }
    114
    452
&: { x = 40
  y = 4 }
    969
*: { x = 87
  y = 4 }
    14
    941
*: { x = 106
  y = 4 }
    544
    427
*: { x = 114
  y = 4 }
    706
    728
*: { x = 3
  y = 5 }
    194
    243
*: { x = 33
  y = 5 }
    743
    470
#: { x = 45
  y = 5 }
    145
*: { x = 55
  y = 5 }
    309
    111
/: { x = 72
  y = 5 }
    259
*: { x = 12
  y = 6 }
    807
    130
*: { x = 67
  y = 6 }
    659
    199
+: { x = 80
  y = 6 }
    873
*: { x = 89
  y = 6 }
    828
    640
%: { x = 94
  y = 6 }
    197
%: { x = 120
  y = 6 }
    920
*: { x = 126
  y = 6 }
    266
*: { x = 131
  y = 6 }
    566
    380
*: { x = 136
  y = 6 }
    13
    83
*: { x = 18
  y = 7 }
    80
    870
*: { x = 26
  y = 7 }
    329
    385
%: { x = 103
  y = 7 }
    569
+: { x = 28
  y = 8 }
    588
$: { x = 40
  y = 8 }
    123
*: { x = 100
  y = 8 }
    463
    852
*: { x = 113
  y = 8 }
    978
    606
*: { x = 8
  y = 9 }
    323
    538
=: { x = 10
  y = 9 }
    287
*: { x = 33
  y = 9 }
    786
    301
$: { x = 43
  y = 9 }
    133
*: { x = 53
  y = 9 }
    466
*: { x = 62
  y = 9 }
    453
    33
*: { x = 73
  y = 9 }
    390
    466
*: { x = 85
  y = 9 }
    297
    793
*: { x = 118
  y = 9 }
    863
    218
$: { x = 79
  y = 10 }
    886
+: { x = 88
  y = 10 }
    222
*: { x = 99
  y = 10 }
    728
    701
*: { x = 134
  y = 10 }
    396
    437
=: { x = 27
  y = 11 }
    419
*: { x = 67
  y = 11 }
    537
    806
%: { x = 71
  y = 11 }
    976
-: { x = 92
  y = 11 }
    174
#: { x = 122
  y = 11 }
    721
*: { x = 6
  y = 12 }
    3
    790
*: { x = 17
  y = 12 }
    986
    487
=: { x = 125
  y = 12 }
    488
*: { x = 22
  y = 13 }
    626
    68
/: { x = 40
  y = 13 }
    532
*: { x = 76
  y = 13 }
    596
-: { x = 81
  y = 13 }
    875
*: { x = 100
  y = 13 }
    11
    160
&: { x = 19
  y = 14 }
    520
=: { x = 30
  y = 14 }
    68
+: { x = 35
  y = 14 }
    619
*: { x = 45
  y = 14 }
    13
    568
*: { x = 89
  y = 14 }
    503
    675
+: { x = 105
  y = 14 }
    734
&: { x = 109
  y = 14 }
    659
*: { x = 121
  y = 14 }
    978
    19
-: { x = 131
  y = 14 }
    622
-: { x = 136
  y = 14 }
    757
*: { x = 3
  y = 15 }
    437
    161
#: { x = 11
  y = 15 }
    687
*: { x = 26
  y = 15 }
    712
    854
*: { x = 72
  y = 15 }
    863
    891
&: { x = 80
  y = 15 }
    476
*: { x = 40
  y = 16 }
    304
*: { x = 48
  y = 16 }
    974
    120
*: { x = 55
  y = 16 }
    255
    318
&: { x = 60
  y = 16 }
    183
$: { x = 104
  y = 16 }
    707
*: { x = 128
  y = 16 }
    849
    74
+: { x = 134
  y = 16 }
    673
*: { x = 18
  y = 17 }
    710
    487
*: { x = 63
  y = 17 }
    441
    146
*: { x = 113
  y = 17 }
    235
    398
-: { x = 118
  y = 17 }
    434
*: { x = 123
  y = 17 }
    880
    769
@: { x = 4
  y = 18 }
    848
#: { x = 8
  y = 18 }
    988
#: { x = 20
  y = 18 }
    685
-: { x = 34
  y = 18 }
    683
*: { x = 41
  y = 18 }
    800
    662
@: { x = 95
  y = 18 }
    142
*: { x = 136
  y = 18 }
    562
    238
/: { x = 13
  y = 19 }
    611
-: { x = 30
  y = 19 }
    186
$: { x = 32
  y = 19 }
    429
*: { x = 55
  y = 19 }
    251
    468
@: { x = 25
  y = 20 }
    509
*: { x = 49
  y = 20 }
    773
    304
*: { x = 69
  y = 20 }
    895
    844
*: { x = 80
  y = 20 }
    591
    508
*: { x = 102
  y = 20 }
    810
    401
+: { x = 109
  y = 20 }
    233
/: { x = 133
  y = 20 }
    649
*: { x = 44
  y = 21 }
    720
    200
=: { x = 75
  y = 21 }
    939
*: { x = 87
  y = 21 }
    960
    46
*: { x = 114
  y = 21 }
    534
    517
*: { x = 122
  y = 21 }
    645
    647
*: { x = 130
  y = 21 }
    313
=: { x = 8
  y = 22 }
    239
$: { x = 27
  y = 22 }
    704
=: { x = 33
  y = 22 }
    69
=: { x = 10
  y = 23 }
    871
*: { x = 17
  y = 23 }
    158
    672
*: { x = 53
  y = 23 }
    409
    415
*: { x = 61
  y = 23 }
    982
    283
@: { x = 80
  y = 23 }
    879
*: { x = 117
  y = 23 }
    303
    719
*: { x = 126
  y = 23 }
    660
    679
*: { x = 6
  y = 24 }
    530
    664
*: { x = 41
  y = 24 }
    611
    203
/: { x = 77
  y = 24 }
    842
-: { x = 86
  y = 24 }
    109
&: { x = 91
  y = 24 }
    589
*: { x = 99
  y = 24 }
    131
    14
$: { x = 110
  y = 24 }
    157
$: { x = 128
  y = 24 }
    833
&: { x = 65
  y = 25 }
    569
%: { x = 69
  y = 25 }
    21
*: { x = 20
  y = 26 }
    664
    121
*: { x = 29
  y = 26 }
    668
    836
-: { x = 107
  y = 26 }
    479
*: { x = 117
  y = 26 }
    427
    6
+: { x = 132
  y = 26 }
    484
*: { x = 38
  y = 27 }
    434
    848
@: { x = 47
  y = 27 }
    796
*: { x = 63
  y = 27 }
    65
    789
&: { x = 88
  y = 27 }
    350
*: { x = 99
  y = 27 }
    544
    5
$: { x = 115
  y = 27 }
    126
%: { x = 4
  y = 28 }
    382
%: { x = 55
  y = 28 }
    373
+: { x = 75
  y = 28 }
    624
*: { x = 105
  y = 28 }
    622
    557
*: { x = 127
  y = 28 }
    882
    503
%: { x = 132
  y = 28 }
    337
*: { x = 49
  y = 29 }
    625
    240
/: { x = 59
  y = 29 }
    88
*: { x = 73
  y = 29 }
    382
    636
/: { x = 78
  y = 29 }
    971
&: { x = 119
  y = 29 }
    914
*: { x = 17
  y = 30 }
    627
    961
*: { x = 33
  y = 30 }
    641
    324
*: { x = 82
  y = 30 }
    912
    170
*: { x = 86
  y = 30 }
    651
    805
*: { x = 92
  y = 30 }
    162
    517
@: { x = 106
  y = 30 }
    389
*: { x = 116
  y = 30 }
    901
    929
*: { x = 6
  y = 31 }
    357
    934
=: { x = 20
  y = 31 }
    408
*: { x = 27
  y = 31 }
    552
    94
@: { x = 39
  y = 31 }
    816
*: { x = 112
  y = 31 }
    993
    9
*: { x = 22
  y = 32 }
    43
    512
*: { x = 62
  y = 32 }
    888
    489
&: { x = 69
  y = 32 }
    370
*: { x = 100
  y = 32 }
    639
    240
/: { x = 109
  y = 32 }
    931
+: { x = 36
  y = 33 }
    591
*: { x = 124
  y = 33 }
    605
    172
/: { x = 8
  y = 34 }
    571
*: { x = 44
  y = 34 }
    976
    909
*: { x = 53
  y = 34 }
    895
    583
$: { x = 70
  y = 34 }
    128
*: { x = 74
  y = 34 }
    751
    94
*: { x = 3
  y = 35 }
    464
=: { x = 21
  y = 35 }
    762
*: { x = 27
  y = 35 }
    608
    230
$: { x = 35
  y = 35 }
    422
*: { x = 116
  y = 35 }
    486
    949
+: { x = 129
  y = 35 }
    903
*: { x = 13
  y = 36 }
    121
    595
=: { x = 79
  y = 36 }
    929
#: { x = 112
  y = 36 }
    268
*: { x = 134
  y = 36 }
    24
    251
*: { x = 39
  y = 37 }
    285
    25
*: { x = 47
  y = 37 }
    434
    234
*: { x = 70
  y = 37 }
    390
    833
%: { x = 85
  y = 37 }
    921
$: { x = 98
  y = 37 }
    36
@: { x = 103
  y = 37 }
    918
*: { x = 107
  y = 37 }
    261
    432
*: { x = 123
  y = 37 }
    382
    506
=: { x = 94
  y = 38 }
    973
/: { x = 114
  y = 38 }
    406
$: { x = 132
  y = 38 }
    926
*: { x = 8
  y = 39 }
    700
6: { x = 9
  y = 39 }
1: { x = 10
  y = 39 }
0: { x = 11
  y = 39 }
=: { x = 19
  y = 39 }
    768
@: { x = 52
  y = 39 }
    610
=: { x = 76
  y = 39 }
    306
@: { x = 81
  y = 39 }
    281
%: { x = 110
  y = 39 }
    298
@: { x = 126
  y = 39 }
    344
%: { x = 14
  y = 40 }
    925
*: { x = 22
  y = 40 }
    839
    586
*: { x = 43
  y = 40 }
    33
    264
@: { x = 47
  y = 40 }
    85
%: { x = 68
  y = 40 }
    537
$: { x = 86
  y = 40 }
    74
%: { x = 93
  y = 40 }
    371
%: { x = 120
  y = 40 }
    20
+: { x = 123
  y = 40 }
    402
+: { x = 136
  y = 40 }
    519
*: { x = 60
  y = 41 }
    93
    987
*: { x = 64
  y = 41 }
    161
    305
=: { x = 118
  y = 41 }
    842
-: { x = 29
  y = 42 }
    515
@: { x = 84
  y = 42 }
    379
*: { x = 115
  y = 42 }
    822
    800
*: { x = 14
  y = 43 }
    540
    696
*: { x = 36
  y = 43 }
    447
    203
+: { x = 51
  y = 43 }
    114
&: { x = 87
  y = 43 }
    707
*: { x = 102
  y = 43 }
    670
    462
$: { x = 112
  y = 43 }
    397
*: { x = 128
  y = 43 }
    552
    464
*: { x = 5
  y = 44 }
    666
    691
*: { x = 20
  y = 44 }
    844
    756
*: { x = 91
  y = 44 }
    393
    398
$: { x = 12
  y = 45 }
    647
%: { x = 59
  y = 45 }
    418
#: { x = 68
  y = 45 }
    19
$: { x = 78
  y = 45 }
    259
*: { x = 122
  y = 45 }
    786
    841
/: { x = 15
  y = 46 }
    791
=: { x = 25
  y = 46 }
    165
/: { x = 35
  y = 46 }
    1
*: { x = 53
  y = 46 }
    596
    32
&: { x = 72
  y = 46 }
    280
&: { x = 108
  y = 46 }
    425
*: { x = 134
  y = 46 }
    796
    419
=: { x = 29
  y = 47 }
    148
+: { x = 38
  y = 47 }
    305
+: { x = 60
  y = 47 }
    998
-: { x = 64
  y = 47 }
    451
+: { x = 83
  y = 47 }
    332
*: { x = 94
  y = 47 }
    706
    444
*: { x = 116
  y = 47 }
    327
    366
*: { x = 3
  y = 48 }
    74
    927
+: { x = 53
  y = 48 }
    846
$: { x = 67
  y = 48 }
    783
@: { x = 79
  y = 48 }
    907
$: { x = 97
  y = 48 }
    447
*: { x = 25
  y = 49 }
    944
*: { x = 48
  y = 49 }
    459
    634
*: { x = 106
  y = 49 }
    959
    819
*: { x = 109
  y = 49 }
    106
    29
$: { x = 31
  y = 50 }
    385
@: { x = 70
  y = 50 }
    58
*: { x = 86
  y = 50 }
    585
    74
*: { x = 101
  y = 50 }
    441
    922
*: { x = 123
  y = 50 }
    7
    35
*: { x = 16
  y = 51 }
    142
    415
=: { x = 39
  y = 51 }
    980
%: { x = 64
  y = 51 }
    587
-: { x = 72
  y = 51 }
    930
/: { x = 94
  y = 51 }
    935
-: { x = 117
  y = 51 }
    3
/: { x = 132
  y = 51 }
    233
+: { x = 25
  y = 53 }
    920
$: { x = 34
  y = 53 }
    503
%: { x = 43
  y = 53 }
    654
+: { x = 53
  y = 53 }
    429
*: { x = 106
  y = 53 }
    175
    897
$: { x = 122
  y = 53 }
    524
*: { x = 13
  y = 54 }
    551
6: { x = 14
  y = 54 }
0: { x = 15
  y = 54 }
2: { x = 16
  y = 54 }
+: { x = 30
  y = 54 }
    645
-: { x = 47
  y = 54 }
    409
*: { x = 51
  y = 54 }
    620
*: { x = 64
  y = 54 }
    951
    661
=: { x = 69
  y = 54 }
    616
-: { x = 6
  y = 55 }
    799
*: { x = 78
  y = 55 }
    395
    794
+: { x = 91
  y = 55 }
    451
*: { x = 95
  y = 55 }
    263
    167
$: { x = 126
  y = 55 }
    370
/: { x = 25
  y = 56 }
    540
@: { x = 31
  y = 56 }
    497
%: { x = 39
  y = 56 }
    110
$: { x = 53
  y = 56 }
    446
*: { x = 57
  y = 56 }
    970
    569
-: { x = 89
  y = 56 }
    432
*: { x = 101
  y = 56 }
    48
*: { x = 124
  y = 56 }
    475
    785
*: { x = 134
  y = 56 }
    839
    455
&: { x = 73
  y = 57 }
    533
#: { x = 92
  y = 57 }
    929
#: { x = 114
  y = 57 }
    486
*: { x = 127
  y = 57 }
    500
*: { x = 15
  y = 58 }
    459
    466
*: { x = 43
  y = 58 }
    452
/: { x = 54
  y = 58 }
    680
*: { x = 96
  y = 58 }
    978
    142
=: { x = 101
  y = 58 }
    603
+: { x = 129
  y = 58 }
    621
*: { x = 7
  y = 59 }
    815
    427
*: { x = 33
  y = 59 }
    608
7: { x = 34
  y = 59 }
9: { x = 35
  y = 59 }
6: { x = 36
  y = 59 }
*: { x = 76
  y = 59 }
    365
    679
&: { x = 83
  y = 59 }
    801
#: { x = 121
  y = 59 }
    709
*: { x = 133
  y = 59 }
    84
    627
@: { x = 24
  y = 60 }
    850
-: { x = 69
  y = 60 }
    296
/: { x = 6
  y = 61 }
    245
/: { x = 10
  y = 61 }
    635
%: { x = 19
  y = 61 }
    629
*: { x = 33
  y = 61 }
    108
    995
*: { x = 44
  y = 61 }
    302
    513
*: { x = 59
  y = 61 }
    739
    41
@: { x = 89
  y = 61 }
    290
*: { x = 107
  y = 61 }
    464
    840
*: { x = 127
  y = 61 }
    980
    148
+: { x = 3
  y = 62 }
    354
$: { x = 54
  y = 62 }
    656
=: { x = 64
  y = 62 }
    914
@: { x = 70
  y = 62 }
    715
+: { x = 116
  y = 62 }
    506
$: { x = 120
  y = 62 }
    275
&: { x = 46
  y = 63 }
    541
/: { x = 82
  y = 63 }
    691
*: { x = 94
  y = 63 }
    45
    53
*: { x = 13
  y = 64 }
    995
    812
/: { x = 27
  y = 64 }
    292
*: { x = 74
  y = 64 }
    950
    661
*: { x = 101
  y = 64 }
    28
    135
@: { x = 124
  y = 64 }
    54
*: { x = 132
  y = 64 }
    138
    191
/: { x = 11
  y = 65 }
    649
/: { x = 21
  y = 65 }
    665
#: { x = 43
  y = 65 }
    504
-: { x = 54
  y = 65 }
    101
*: { x = 59
  y = 65 }
    308
    88
@: { x = 64
  y = 65 }
    307
*: { x = 87
  y = 65 }
    482
    581
%: { x = 108
  y = 65 }
    932
*: { x = 119
  y = 66 }
    992
    743
&: { x = 133
  y = 66 }
    931
*: { x = 3
  y = 67 }
    400
    170
#: { x = 11
  y = 68 }
    643
*: { x = 14
  y = 68 }
    140
    725
*: { x = 32
  y = 68 }
    642
    23
*: { x = 37
  y = 68 }
    891
    279
*: { x = 45
  y = 68 }
    24
    713
*: { x = 53
  y = 68 }
    309
    449
*: { x = 105
  y = 68 }
    695
    434
*: { x = 114
  y = 68 }
    361
&: { x = 132
  y = 68 }
    603
/: { x = 49
  y = 69 }
    830
*: { x = 69
  y = 69 }
    439
    24
*: { x = 78
  y = 69 }
    291
    519
/: { x = 84
  y = 69 }
    289
=: { x = 88
  y = 69 }
    538
*: { x = 95
  y = 69 }
    461
    408
*: { x = 118
  y = 70 }
    650
    927
*: { x = 125
  y = 70 }
    785
    722
*: { x = 6
  y = 71 }
    991
    124
#: { x = 20
  y = 71 }
    946
-: { x = 64
  y = 71 }
    136
$: { x = 103
  y = 71 }
    579
%: { x = 111
  y = 71 }
    708
*: { x = 130
  y = 71 }
    370
    13
*: { x = 11
  y = 72 }
    887
    706
*: { x = 23
  y = 72 }
    688
    934
/: { x = 28
  y = 72 }
    673
*: { x = 40
  y = 72 }
    218
    608
*: { x = 26
  y = 73 }
    122
*: { x = 34
  y = 73 }
    427
    262
&: { x = 53
  y = 73 }
    312
*: { x = 107
  y = 73 }
    922
    222
*: { x = 136
  y = 73 }
    307
    540
*: { x = 3
  y = 74 }
    5
7: { x = 4
  y = 74 }
1: { x = 5
  y = 74 }
5: { x = 6
  y = 74 }
-: { x = 9
  y = 74 }
    701
+: { x = 18
  y = 74 }
    16
/: { x = 47
  y = 74 }
    459
%: { x = 66
  y = 74 }
    761
*: { x = 87
  y = 74 }
    647
    610
*: { x = 94
  y = 74 }
    641
    141
+: { x = 122
  y = 74 }
    242
=: { x = 25
  y = 75 }
    878
*: { x = 58
  y = 75 }
    928
    988
*: { x = 80
  y = 75 }
    728
    889
%: { x = 97
  y = 75 }
    502
*: { x = 110
  y = 75 }
    40
/: { x = 114
  y = 75 }
    395
*: { x = 120
  y = 75 }
    923
%: { x = 31
  y = 76 }
    322
*: { x = 39
  y = 76 }
    291
    101
=: { x = 46
  y = 76 }
    257
*: { x = 52
  y = 76 }
    820
    733
-: { x = 71
  y = 76 }
    351
+: { x = 122
  y = 76 }
    600
@: { x = 64
  y = 77 }
    204
=: { x = 86
  y = 77 }
    119
*: { x = 100
  y = 77 }
    797
    384
%: { x = 18
  y = 78 }
    671
+: { x = 75
  y = 78 }
    93
#: { x = 103
  y = 78 }
    535
=: { x = 111
  y = 78 }
    544
/: { x = 133
  y = 78 }
    862
*: { x = 4
  y = 79 }
    421
    439
*: { x = 15
  y = 79 }
    582
    630
&: { x = 38
  y = 79 }
    615
=: { x = 43
  y = 79 }
    912
*: { x = 52
  y = 79 }
    484
    629
&: { x = 65
  y = 79 }
    717
*: { x = 67
  y = 79 }
    565
    777
/: { x = 88
  y = 79 }
    961
*: { x = 96
  y = 79 }
    695
    602
*: { x = 108
  y = 79 }
    592
    567
/: { x = 122
  y = 79 }
    107
*: { x = 136
  y = 79 }
    904
/: { x = 29
  y = 80 }
    3
%: { x = 32
  y = 80 }
    2
*: { x = 82
  y = 80 }
    726
    185
$: { x = 130
  y = 80 }
    715
=: { x = 34
  y = 81 }
    60
&: { x = 54
  y = 81 }
    885
*: { x = 113
  y = 81 }
    3
    117
-: { x = 120
  y = 81 }
    504
+: { x = 127
  y = 81 }
    358
*: { x = 20
  y = 82 }
    914
    33
*: { x = 50
  y = 82 }
    763
    834
&: { x = 63
  y = 82 }
    33
*: { x = 87
  y = 82 }
    182
    494
/: { x = 102
  y = 82 }
    181
-: { x = 134
  y = 82 }
    480
+: { x = 12
  y = 83 }
    383
@: { x = 58
  y = 83 }
    857
*: { x = 92
  y = 83 }
    459
    954
+: { x = 107
  y = 83 }
    66
*: { x = 15
  y = 84 }
    990
    179
*: { x = 22
  y = 84 }
    245
*: { x = 117
  y = 84 }
    982
    423
=: { x = 3
  y = 85 }
    329
*: { x = 27
  y = 85 }
    492
    131
*: { x = 44
  y = 85 }
    176
    191
*: { x = 48
  y = 85 }
    33
    306
%: { x = 65
  y = 85 }
    144
+: { x = 72
  y = 85 }
    376
*: { x = 77
  y = 85 }
    315
    491
*: { x = 86
  y = 85 }
    352
5: { x = 87
  y = 85 }
0: { x = 88
  y = 85 }
9: { x = 89
  y = 85 }
#: { x = 102
  y = 85 }
    952
*: { x = 130
  y = 85 }
    763
    415
*: { x = 33
  y = 86 }
    61
    17
/: { x = 57
  y = 86 }
    426
$: { x = 19
  y = 87 }
    142
*: { x = 67
  y = 87 }
    503
    212
&: { x = 95
  y = 87 }
    498
$: { x = 107
  y = 87 }
    18
+: { x = 128
  y = 87 }
    298
%: { x = 49
  y = 88 }
    587
&: { x = 83
  y = 88 }
    526
*: { x = 90
  y = 88 }
    669
    384
@: { x = 103
  y = 88 }
    698
*: { x = 123
  y = 88 }
    447
    334
*: { x = 7
  y = 89 }
    537
    944
*: { x = 13
  y = 89 }
    575
    636
*: { x = 23
  y = 89 }
    617
*: { x = 32
  y = 89 }
    890
    743
*: { x = 62
  y = 89 }
    120
    109
/: { x = 72
  y = 89 }
    730
*: { x = 77
  y = 89 }
    519
    971
+: { x = 113
  y = 89 }
    219
*: { x = 42
  y = 90 }
    677
    155
*: { x = 132
  y = 90 }
    700
    910
*: { x = 17
  y = 91 }
    848
    276
*: { x = 37
  y = 91 }
    388
=: { x = 77
  y = 91 }
    739
*: { x = 125
  y = 91 }
    540
    434
+: { x = 128
  y = 91 }
    40
-: { x = 23
  y = 92 }
    596
*: { x = 47
  y = 92 }
    324
    959
*: { x = 56
  y = 92 }
    820
    520
=: { x = 93
  y = 92 }
    443
*: { x = 115
  y = 92 }
    621
    276
-: { x = 30
  y = 93 }
    172
=: { x = 33
  y = 93 }
    376
*: { x = 86
  y = 93 }
    368
    110
*: { x = 111
  y = 93 }
    428
    771
-: { x = 127
  y = 93 }
    800
=: { x = 135
  y = 93 }
    878
*: { x = 3
  y = 94 }
    932
    947
#: { x = 35
  y = 94 }
    457
#: { x = 37
  y = 94 }
    207
&: { x = 71
  y = 94 }
    289
*: { x = 84
  y = 94 }
    196
    721
/: { x = 115
  y = 94 }
    932
*: { x = 42
  y = 95 }
    688
    931
-: { x = 56
  y = 95 }
    25
*: { x = 61
  y = 95 }
    944
    213
#: { x = 65
  y = 95 }
    725
*: { x = 94
  y = 95 }
    148
    194
*: { x = 104
  y = 95 }
    426
    483
*: { x = 5
  y = 96 }
    491
*: { x = 15
  y = 96 }
    108
*: { x = 25
  y = 96 }
    114
    611
$: { x = 54
  y = 96 }
    696
*: { x = 72
  y = 96 }
    834
    909
%: { x = 114
  y = 96 }
    950
#: { x = 133
  y = 96 }
    477
+: { x = 30
  y = 97 }
    719
*: { x = 45
  y = 97 }
    191
    121
=: { x = 99
  y = 97 }
    724
%: { x = 106
  y = 97 }
    633
/: { x = 117
  y = 97 }
    792
*: { x = 124
  y = 97 }
    605
    649
/: { x = 130
  y = 97 }
    633
*: { x = 18
  y = 98 }
    941
/: { x = 39
  y = 98 }
    260
*: { x = 61
  y = 98 }
    865
    140
*: { x = 94
  y = 98 }
    39
    789
#: { x = 5
  y = 99 }
    320
*: { x = 28
  y = 99 }
    160
    532
*: { x = 54
  y = 99 }
    338
    608
*: { x = 73
  y = 99 }
    719
    180
*: { x = 89
  y = 99 }
    516
    743
*: { x = 114
  y = 99 }
    993
    669
&: { x = 121
  y = 99 }
    259
*: { x = 12
  y = 100 }
    643
    948
%: { x = 45
  y = 100 }
    90
*: { x = 66
  y = 100 }
    94
    623
+: { x = 79
  y = 100 }
    515
+: { x = 103
  y = 100 }
    602
+: { x = 125
  y = 100 }
    83
%: { x = 5
  y = 101 }
    259
*: { x = 18
  y = 101 }
    135
    447
*: { x = 71
  y = 101 }
    105
*: { x = 108
  y = 101 }
    194
%: { x = 34
  y = 102 }
    262
*: { x = 36
  y = 102 }
    695
@: { x = 90
  y = 102 }
    473
=: { x = 99
  y = 102 }
    237
+: { x = 106
  y = 102 }
    768
*: { x = 132
  y = 102 }
    679
    228
%: { x = 53
  y = 103 }
    363
+: { x = 66
  y = 103 }
    517
@: { x = 111
  y = 103 }
    416
=: { x = 116
  y = 103 }
    855
$: { x = 6
  y = 104 }
    957
*: { x = 16
  y = 104 }
    659
    535
*: { x = 27
  y = 104 }
    299
    500
@: { x = 40
  y = 104 }
    557
/: { x = 51
  y = 104 }
    117
*: { x = 59
  y = 104 }
    599
    726
*: { x = 61
  y = 104 }
    898
    381
*: { x = 83
  y = 104 }
    464
    859
*: { x = 93
  y = 104 }
    606
*: { x = 136
  y = 104 }
    476
*: { x = 9
  y = 105 }
    468
    517
$: { x = 31
  y = 105 }
    2
$: { x = 78
  y = 105 }
    920
@: { x = 95
  y = 105 }
    859
*: { x = 120
  y = 105 }
    877
    825
*: { x = 124
  y = 105 }
    427
    393
%: { x = 52
  y = 106 }
    626
-: { x = 65
  y = 106 }
    954
@: { x = 73
  y = 106 }
    428
*: { x = 104
  y = 106 }
    43
    868
*: { x = 113
  y = 106 }
    472
    502
&: { x = 21
  y = 107 }
    16
$: { x = 44
  y = 107 }
    951
-: { x = 56
  y = 107 }
    23
#: { x = 71
  y = 107 }
    249
*: { x = 127
  y = 107 }
    15
    179
*: { x = 10
  y = 108 }
    770
    538
%: { x = 30
  y = 108 }
    278
*: { x = 34
  y = 108 }
    417
    362
#: { x = 95
  y = 108 }
    530
*: { x = 6
  y = 109 }
    373
    138
-: { x = 40
  y = 109 }
    254
=: { x = 83
  y = 109 }
    180
*: { x = 92
  y = 109 }
    246
    92
*: { x = 121
  y = 109 }
    982
    994
+: { x = 134
  y = 109 }
    635
&: { x = 77
  y = 110 }
    788
*: { x = 114
  y = 110 }
    278
    220
+: { x = 16
  y = 111 }
    922
+: { x = 22
  y = 111 }
    301
*: { x = 46
  y = 111 }
    543
    500
*: { x = 73
  y = 111 }
    12
/: { x = 95
  y = 111 }
    150
/: { x = 85
  y = 112 }
    203
*: { x = 16
  y = 113 }
    64
    453
*: { x = 27
  y = 113 }
    593
    638
/: { x = 31
  y = 113 }
    597
&: { x = 34
  y = 113 }
    314
*: { x = 52
  y = 113 }
    603
    459
-: { x = 61
  y = 113 }
    928
$: { x = 65
  y = 113 }
    966
-: { x = 102
  y = 113 }
    536
+: { x = 106
  y = 113 }
    581
/: { x = 111
  y = 113 }
    768
*: { x = 127
  y = 113 }
    800
    846
&: { x = 134
  y = 113 }
    451
*: { x = 20
  y = 114 }
    624
    400
*: { x = 40
  y = 114 }
    924
    268
*: { x = 131
  y = 114 }
    423
&: { x = 4
  y = 115 }
    188
@: { x = 46
  y = 115 }
    896
*: { x = 92
  y = 115 }
    186
    698
#: { x = 114
  y = 115 }
    733
+: { x = 76
  y = 116 }
    664
*: { x = 98
  y = 116 }
    12
    943
*: { x = 29
  y = 117 }
    597
    915
*: { x = 56
  y = 117 }
    388
    440
*: { x = 62
  y = 117 }
    149
    871
*: { x = 68
  y = 117 }
    468
    236
$: { x = 106
  y = 117 }
    143
*: { x = 111
  y = 117 }
    504
    753
%: { x = 130
  y = 117 }
    426
*: { x = 24
  y = 118 }
    878
    459
*: { x = 42
  y = 118 }
    875
    212
*: { x = 86
  y = 118 }
    929
    511
#: { x = 3
  y = 119 }
    245
*: { x = 18
  y = 119 }
    94
    651
*: { x = 47
  y = 119 }
    18
9: { x = 48
  y = 119 }
6: { x = 49
  y = 119 }
4: { x = 50
  y = 119 }
*: { x = 52
  y = 119 }
    40
    827
=: { x = 62
  y = 119 }
    71
/: { x = 96
  y = 119 }
    437
*: { x = 102
  y = 119 }
    994
    813
*: { x = 15
  y = 120 }
    781
    285
*: { x = 75
  y = 120 }
    768
    377
*: { x = 79
  y = 120 }
    827
    997
*: { x = 128
  y = 120 }
    567
    333
*: { x = 10
  y = 121 }
    2
    877
@: { x = 31
  y = 121 }
    772
-: { x = 34
  y = 121 }
    419
@: { x = 110
  y = 121 }
    563
/: { x = 112
  y = 121 }
    317
%: { x = 118
  y = 121 }
    228
*: { x = 123
  y = 121 }
    102
    153
*: { x = 46
  y = 122 }
    304
    839
&: { x = 63
  y = 122 }
    622
*: { x = 68
  y = 122 }
    953
    449
=: { x = 90
  y = 122 }
    320
*: { x = 103
  y = 122 }
    366
    69
*: { x = 15
  y = 123 }
    636
    255
$: { x = 21
  y = 123 }
    42
&: { x = 38
  y = 123 }
    397
*: { x = 43
  y = 123 }
    189
*: { x = 93
  y = 123 }
    17
    499
%: { x = 57
  y = 124 }
    218
#: { x = 64
  y = 124 }
    207
+: { x = 72
  y = 124 }
    568
*: { x = 99
  y = 124 }
    409
    933
%: { x = 128
  y = 124 }
    137
*: { x = 134
  y = 124 }
    652
    367
*: { x = 7
  y = 125 }
    576
    807
@: { x = 20
  y = 125 }
    319
$: { x = 41
  y = 125 }
    436
*: { x = 55
  y = 125 }
    469
    266
*: { x = 82
  y = 125 }
    374
    808
*: { x = 118
  y = 125 }
    477
/: { x = 17
  y = 126 }
    769
@: { x = 51
  y = 126 }
    226
*: { x = 104
  y = 126 }
    737
    346
*: { x = 14
  y = 127 }
    219
    175
*: { x = 28
  y = 127 }
    41
    979
$: { x = 64
  y = 127 }
    652
*: { x = 67
  y = 127 }
    215
    39
*: { x = 33
  y = 128 }
    922
    487
#: { x = 37
  y = 128 }
    194
$: { x = 76
  y = 128 }
    271
=: { x = 81
  y = 128 }
    61
*: { x = 90
  y = 128 }
    350
    750
*: { x = 131
  y = 128 }
    662
    617
*: { x = 23
  y = 129 }
    335
    489
*: { x = 49
  y = 129 }
    215
    42
+: { x = 87
  y = 129 }
    316
@: { x = 93
  y = 129 }
    154
&: { x = 100
  y = 129 }
    44
+: { x = 3
  y = 130 }
    426
/: { x = 46
  y = 130 }
    848
/: { x = 70
  y = 130 }
    790
*: { x = 95
  y = 130 }
    856
    708
/: { x = 110
  y = 130 }
    588
*: { x = 118
  y = 130 }
    253
    884
$: { x = 135
  y = 130 }
    717
%: { x = 9
  y = 131 }
    908
*: { x = 74
  y = 131 }
    953
    779
*: { x = 105
  y = 131 }
    50
    223
@: { x = 3
  y = 132 }
    494
*: { x = 14
  y = 132 }
    90
*: { x = 30
  y = 132 }
    437
    643
*: { x = 84
  y = 132 }
    714
    263
*: { x = 125
  y = 132 }
    871
    872
*: { x = 130
  y = 132 }
    801
    903
=: { x = 21
  y = 133 }
    635
@: { x = 41
  y = 133 }
    779
%: { x = 48
  y = 133 }
    424
*: { x = 61
  y = 133 }
    923
    708
*: { x = 90
  y = 133 }
    340
    323
*: { x = 99
  y = 133 }
    738
    201
*: { x = 112
  y = 133 }
    256
1: { x = 113
  y = 133 }
1: { x = 114
  y = 133 }
$: { x = 119
  y = 133 }
    377
*: { x = 132
  y = 133 }
    131
    377
*: { x = 5
  y = 134 }
    50
    502
*: { x = 121
  y = 134 }
    584
/: { x = 29
  y = 135 }
    893
*: { x = 32
  y = 135 }
    698
    581
$: { x = 47
  y = 135 }
    583
*: { x = 51
  y = 135 }
    148
    376
*: { x = 68
  y = 135 }
    174
    119
@: { x = 76
  y = 135 }
    479
$: { x = 94
  y = 135 }
    243
*: { x = 13
  y = 136 }
    883
    234
+: { x = 54
  y = 136 }
    439
*: { x = 102
  y = 136 }
    804
    555
$: { x = 107
  y = 136 }
    443
+: { x = 5
  y = 137 }
    594
=: { x = 25
  y = 137 }
    654
&: { x = 40
  y = 137 }
    534
@: { x = 59
  y = 137 }
    838
*: { x = 75
  y = 137 }
    7
*: { x = 81
  y = 137 }
    138
    231
*: { x = 111
  y = 137 }
    834
    817
*: { x = 124
  y = 137 }
    4
    719
*: { x = 18
  y = 138 }
    904
    620
$: { x = 22
  y = 138 }
    323
+: { x = 32
  y = 138 }
    806
*: { x = 42
  y = 138 }
    894
    866
*: { x = 70
  y = 138 }
    440
$: { x = 83
  y = 138 }
    102
*: { x = 104
  y = 138 }
    760
    310
*: { x = 134
  y = 138 }
    932
    590
